Archive member included because of file (symbol)

libs/gcc/app_start.lib(eint.o)
                              build\gcc\obj/custom/gpio/gpio.o (Ql_EINT_Register)
libs/gcc/app_start.lib(fileSys.o)
                              build\gcc\obj/custom/fota/src/fota_ftp.o (Ql_FS_Open)
libs/gcc/app_start.lib(fota.o)
                              build\gcc\obj/custom/fota/src/fota_main.o (Ql_FOTA_Init)
libs/gcc/app_start.lib(gpio.o)
                              build\gcc\obj/custom/gpio/gpio.o (Ql_GPIO_Init)
libs/gcc/app_start.lib(gprs.o)
                              build\gcc\obj/custom/fota/src/fota_main.o (Ql_GPRS_GetPDPContextId)
libs/gcc/app_start.lib(iic.o)
                              build\gcc\obj/custom/i2c_scanner/i2c_scanner.o (Ql_IIC_Init)
libs/gcc/app_start.lib(lib_ril_sms.o)
                              build\gcc\obj/ril/src/ril_sms.o (LIB_SMS_IsValidHexStr)
libs/gcc/app_start.lib(memory.o)
                              build\gcc\obj/ril/src/ril_bluetooth.o (Ql_MEM_Alloc)
libs/gcc/app_start.lib(ql_func.o)
                              libs/gcc/app_start.lib(memory.o) (api_notsup)
libs/gcc/app_start.lib(ql_main.o)
                              build\gcc\obj/ril/src/ril_bluetooth.o (Ql_Debug_Trace)
libs/gcc/app_start.lib(ril_aux.o)
                              build\gcc\obj/custom/config/sys_config.o (proc_reserved2)
libs/gcc/app_start.lib(ril_main.o)
                              build\gcc\obj/custom/config/sys_config.o (proc_reserved1)
libs/gcc/app_start.lib(stdlib_func.o)
                              build\gcc\obj/ril/src/ril_dtmf.o (Ql_atof)
libs/gcc/app_start.lib(system.o)
                              build\gcc\obj/ril/src/ril_ftp.o (Ql_Sleep)
libs/gcc/app_start.lib(taskMngt.o)
                              build\gcc\obj/custom/main.o (Ql_OS_GetMessage)
libs/gcc/app_start.lib(timer.o)
                              build\gcc\obj/custom/main.o (Ql_Timer_Register)
libs/gcc/app_start.lib(uart.o)
                              build\gcc\obj/custom/uart/uart.o (Ql_UART_Register)
libs/gcc/app_start.lib(watchdog.o)
                              build\gcc\obj/custom/main.o (Ql_WTD_Feed)
libs/gcc/app_start.lib(ocpu_init.o)
                              libs/gcc/app_start.lib(ql_main.o) (_OCPU_InitUserMem)
C:\Program Files (x86)\CodeSourcery\Sourcery_CodeBench_Lite_for_ARM_EABI/arm-none-eabi/lib/thumb/libc.a(lib_a-memcpy.o)
                              build\gcc\obj/ril/src/ril_alarm.o (memcpy)
C:\Program Files (x86)\CodeSourcery\Sourcery_CodeBench_Lite_for_ARM_EABI/arm-none-eabi/lib/thumb/libc.a(lib_a-memset.o)
                              build\gcc\obj/ril/src/ril_alarm.o (memset)
C:\Program Files (x86)\CodeSourcery\Sourcery_CodeBench_Lite_for_ARM_EABI/lib/gcc/arm-none-eabi/4.7.2/thumb/libgcc.a(_udivsi3.o)
                              libs/gcc/app_start.lib(lib_ril_sms.o) (__aeabi_uidiv)
C:\Program Files (x86)\CodeSourcery\Sourcery_CodeBench_Lite_for_ARM_EABI/lib/gcc/arm-none-eabi/4.7.2/thumb/libgcc.a(_divsi3.o)
                              libs/gcc/app_start.lib(lib_ril_sms.o) (__aeabi_idiv)
C:\Program Files (x86)\CodeSourcery\Sourcery_CodeBench_Lite_for_ARM_EABI/lib/gcc/arm-none-eabi/4.7.2/thumb/libgcc.a(_dvmd_tls.o)
                              C:\Program Files (x86)\CodeSourcery\Sourcery_CodeBench_Lite_for_ARM_EABI/lib/gcc/arm-none-eabi/4.7.2/thumb/libgcc.a(_udivsi3.o) (__aeabi_idiv0)
C:\Program Files (x86)\CodeSourcery\Sourcery_CodeBench_Lite_for_ARM_EABI/lib/gcc/arm-none-eabi/4.7.2/thumb/libgcc.a(_arm_addsubdf3.o)
                              build\gcc\obj/custom/param/param.o (__aeabi_f2d)
C:\Program Files (x86)\CodeSourcery\Sourcery_CodeBench_Lite_for_ARM_EABI/lib/gcc/arm-none-eabi/4.7.2/thumb/libgcc.a(_arm_fixdfsi.o)
                              build\gcc\obj/ril/src/ril_dtmf.o (__aeabi_d2iz)
C:\Program Files (x86)\CodeSourcery\Sourcery_CodeBench_Lite_for_ARM_EABI/lib/gcc/arm-none-eabi/4.7.2/thumb/libgcc.a(_arm_truncdfsf2.o)
                              build\gcc\obj/ril/src/ril_location.o (__aeabi_d2f)
C:\Program Files (x86)\CodeSourcery\Sourcery_CodeBench_Lite_for_ARM_EABI/lib/gcc/arm-none-eabi/4.7.2/thumb/libgcc.a(_arm_addsubsf3.o)
                              build\gcc\obj/custom/param/param.o (__aeabi_ui2f)
C:\Program Files (x86)\CodeSourcery\Sourcery_CodeBench_Lite_for_ARM_EABI/lib/gcc/arm-none-eabi/4.7.2/thumb/libgcc.a(_arm_muldivsf3.o)
                              build\gcc\obj/custom/param/param.o (__aeabi_fmul)

Allocating common symbols
Common symbol       size              file

Ql_snprintf         0x4               libs/gcc/app_start.lib(ql_main.o)
Ql_sprintf          0x4               libs/gcc/app_start.lib(ql_main.o)
Ql_Debug_Trace      0x4               libs/gcc/app_start.lib(ql_main.o)
Ql_sscanf           0x4               libs/gcc/app_start.lib(ql_main.o)
g_comingCall        0x124             build\gcc\obj/ril/src/ril_telephony.o
Fota_gprsCfg        0xb0              build\gcc\obj/custom/fota/src/fota_main.o
[...]
Memory Configuration

Name             Origin             Length             Attributes
ROM              0x102c7040         0x0005a000         xr
RAM              0xf03d2000         0x00019000         xrw
*default*        0x00000000         0xffffffff

Linker script and memory map

                0x102c7040                . = 0x102c7040

.initdata       0x102c7040       0x2c
 *(.initdata)
 .initdata      0x102c7040       0x2c libs/gcc/app_start.lib(ql_main.o)
                0x102c7040                GADLENTRY

text            0x102c7070      0xde0
 *(.text)
 .text          0x102c7070       0x4c libs/gcc/app_start.lib(ocpu_init.o)
                0x102c7070                _OCPU_InitUserMem
 .text          0x102c70bc      0x10c C:\Program Files (x86)\CodeSourcery\Sourcery_CodeBench_Lite_for_ARM_EABI/arm-none-eabi/lib/thumb/libc.a(lib_a-memcpy.o)
                0x102c70bc                memcpy
 .text          0x102c71c8       0x9c C:\Program Files (x86)\CodeSourcery\Sourcery_CodeBench_Lite_for_ARM_EABI/arm-none-eabi/lib/thumb/libc.a(lib_a-memset.o)
                0x102c71c8                memset
 .text          0x102c7264      0x11c C:\Program Files (x86)\CodeSourcery\Sourcery_CodeBench_Lite_for_ARM_EABI/lib/gcc/arm-none-eabi/4.7.2/thumb/libgcc.a(_udivsi3.o)
                0x102c7264                __aeabi_uidiv
                0x102c7264                __udivsi3
                0x102c7360                __aeabi_uidivmod
 .text          0x102c7380        0x4 C:\Program Files (x86)\CodeSourcery\Sourcery_CodeBench_Lite_for_ARM_EABI/lib/gcc/arm-none-eabi/4.7.2/thumb/libgcc.a(_dvmd_tls.o)
                0x102c7380                __aeabi_idiv0
                0x102c7380                __aeabi_ldiv0
 .text          0x102c7384      0x41c C:\Program Files (x86)\CodeSourcery\Sourcery_CodeBench_Lite_for_ARM_EABI/lib/gcc/arm-none-eabi/4.7.2/thumb/libgcc.a(_arm_addsubdf3.o)
                0x102c7384                __aeabi_drsub
                0x102c738c                __aeabi_dsub
                0x102c738c                __subdf3
                0x102c7390                __aeabi_dadd
                0x102c7390                __adddf3
                0x102c76a0                __floatunsidf
                0x102c76a0                __aeabi_ui2d
                0x102c76c4                __floatsidf
                0x102c76c4                __aeabi_i2d
                0x102c76ec                __aeabi_f2d
                0x102c76ec                __extendsfdf2
                0x102c772c                __floatundidf
                0x102c772c                __aeabi_ul2d
                0x102c7740                __floatdidf
                0x102c7740                __aeabi_l2d
 .text          0x102c77a0       0x5c C:\Program Files (x86)\CodeSourcery\Sourcery_CodeBench_Lite_for_ARM_EABI/lib/gcc/arm-none-eabi/4.7.2/thumb/libgcc.a(_arm_fixdfsi.o)
                0x102c77a0                __aeabi_d2iz
                0x102c77a0                __fixdfsi
 .text          0x102c77fc       0xa0 C:\Program Files (x86)\CodeSourcery\Sourcery_CodeBench_Lite_for_ARM_EABI/lib/gcc/arm-none-eabi/4.7.2/thumb/libgcc.a(_arm_truncdfsf2.o)
                0x102c77fc                __truncdfsf2
                0x102c77fc                __aeabi_d2f
 .text          0x102c789c      0x2ac C:\Program Files (x86)\CodeSourcery\Sourcery_CodeBench_Lite_for_ARM_EABI/lib/gcc/arm-none-eabi/4.7.2/thumb/libgcc.a(_arm_addsubsf3.o)
                0x102c789c                __aeabi_frsub
                0x102c78a4                __subsf3
                0x102c78a4                __aeabi_fsub
                0x102c78a8                __aeabi_fadd
                0x102c78a8                __addsf3
                0x102c7a64                __aeabi_ui2f
                0x102c7a64                __floatunsisf
                0x102c7a6c                __aeabi_i2f
                0x102c7a6c                __floatsisf
                0x102c7a8c                __aeabi_ul2f
                0x102c7a8c                __floatundisf
                0x102c7a9c                __aeabi_l2f
                0x102c7a9c                __floatdisf
 .text          0x102c7b48      0x2f8 C:\Program Files (x86)\CodeSourcery\Sourcery_CodeBench_Lite_for_ARM_EABI/lib/gcc/arm-none-eabi/4.7.2/thumb/libgcc.a(_arm_muldivsf3.o)
                0x102c7b48                __mulsf3
                0x102c7b48                __aeabi_fmul
                0x102c7ce0                __aeabi_fdiv
                0x102c7ce0                __divsf3
 .text.__stub   0x102c7e40        0xc linker stubs

.glue_7         0x102c7e50        0x0
 .glue_7        0x00000000        0x0 linker stubs

.glue_7t        0x102c7e50        0x0
 .glue_7t       0x00000000        0x0 linker stubs

.vfp11_veneer   0x102c7e50        0x0
 .vfp11_veneer  0x00000000        0x0 linker stubs

.v4_bx          0x102c7e50        0x0
 .v4_bx         0x00000000        0x0 linker stubs

.iplt           0x102c7e50        0x0
 .iplt          0x00000000        0x0 build\gcc\obj/custom/config/custom_sys_cfg.o

.text.Ql_RIL_AT_SetErrCode
                0x102c7e50       0x10
 .text.Ql_RIL_AT_SetErrCode
                0x102c7e50       0x10 build\gcc\obj/ril/src/ril_atResponse.o
                0x102c7e50                Ql_RIL_AT_SetErrCode

.text.Default_atRsp_callback
                0x102c7e60       0xcc
 .text.Default_atRsp_callback
                0x102c7e60       0xcc build\gcc\obj/ril/src/ril_atResponse.o
                0x102c7e60                Default_atRsp_callback

.text.BT_DevMngmt_Append
                0x102c7f2c       0x34
 .text.BT_DevMngmt_Append
                0x102c7f2c       0x34 build\gcc\obj/ril/src/ril_bluetooth.o

.text.BT_DevMngmt_isFull
                0x102c7f60       0x40
 .text.BT_DevMngmt_isFull
                0x102c7f60       0x40 build\gcc\obj/ril/src/ril_bluetooth.o

.text.ATRsp_QBTSTATE_Hdlr
                0x102c7fa0      0x444
 .text.ATRsp_QBTSTATE_Hdlr
                0x102c7fa0      0x444 build\gcc\obj/ril/src/ril_bluetooth.o

.text.BT_DevMngmt_UpdateProfileId.constprop.7
                0x102c83e4       0x38
 .text.BT_DevMngmt_UpdateProfileId.constprop.7
                0x102c83e4       0x38 build\gcc\obj/ril/src/ril_bluetooth.o

.text.BT_DevMngmt_UpdateConnId.constprop.8
                0x102c841c       0x38
 .text.BT_DevMngmt_UpdateConnId.constprop.8
                0x102c841c       0x38 build\gcc\obj/ril/src/ril_bluetooth.o

.text.OnURCHandler_BTVisible
                0x102c8454       0xe4
 .text.OnURCHandler_BTVisible
                0x102c8454       0xe4 build\gcc\obj/ril/src/ril_bluetooth.o
                0x102c8454                OnURCHandler_BTVisible

.text.OnURCHandler_BTScan
                0x102c8538      0x26c
 .text.OnURCHandler_BTScan
                0x102c8538      0x26c build\gcc\obj/ril/src/ril_bluetooth.o
                0x102c8538                OnURCHandler_BTScan

.text.RIL_BT_QueryState
                0x102c87a4       0x68
 .text.RIL_BT_QueryState
                0x102c87a4       0x68 build\gcc\obj/ril/src/ril_bluetooth.o
                0x102c87a4                RIL_BT_QueryState

.text.OnURCHandler_BTPair
                0x102c880c      0x208
 .text.OnURCHandler_BTPair
                0x102c880c      0x208 build\gcc\obj/ril/src/ril_bluetooth.o
                0x102c880c                OnURCHandler_BTPair

.text.OnURCHandler_BTPairCnf
                0x102c8a14      0x22c
 .text.OnURCHandler_BTPairCnf
                0x102c8a14      0x22c build\gcc\obj/ril/src/ril_bluetooth.o
                0x102c8a14                OnURCHandler_BTPairCnf

.text.OnURCHandler_BTConn
                0x102c8c40      0x234
 .text.OnURCHandler_BTConn
                0x102c8c40      0x234 build\gcc\obj/ril/src/ril_bluetooth.o
                0x102c8c40                OnURCHandler_BTConn

.text.OnURCHandler_BTConnCnf
                0x102c8e74      0x2bc
 .text.OnURCHandler_BTConnCnf
                0x102c8e74      0x2bc build\gcc\obj/ril/src/ril_bluetooth.o
                0x102c8e74                OnURCHandler_BTConnCnf

.text.OnURCHandler_BTDisconn
                0x102c9130      0x1b8
 .text.OnURCHandler_BTDisconn
                0x102c9130      0x1b8 build\gcc\obj/ril/src/ril_bluetooth.o
                0x102c9130                OnURCHandler_BTDisconn

.text.OnURCHandler_BTIndication
                0x102c92e8      0x35c
 .text.OnURCHandler_BTIndication
                0x102c92e8      0x35c build\gcc\obj/ril/src/ril_bluetooth.o
                0x102c92e8                OnURCHandler_BTIndication

.text.Ql_RIL_RcvDataFrmCore
                0x102c9644       0x20
 .text.Ql_RIL_RcvDataFrmCore
                0x102c9644       0x20 build\gcc\obj/ril/src/ril_custom.o
                0x102c9644                Ql_RIL_RcvDataFrmCore

.text.OnURCHandler_QToneDet
                0x102c9664       0xf4
 .text.OnURCHandler_QToneDet
                0x102c9664       0xf4 build\gcc\obj/ril/src/ril_dtmf.o
                0x102c9664                OnURCHandler_QToneDet

.text.OnURCHandler_QWDTMF
                0x102c9758       0xa0
 .text.OnURCHandler_QWDTMF
                0x102c9758       0xa0 build\gcc\obj/ril/src/ril_dtmf.o
                0x102c9758                OnURCHandler_QWDTMF

.text.RIL_GetInitCmdCnt
                0x102c97f8        0x8
 .text.RIL_GetInitCmdCnt
                0x102c97f8        0x8 build\gcc\obj/ril/src/ril_init.o
                0x102c97f8                RIL_GetInitCmdCnt

.text.RIL_GetLimitedCmdCnt
                0x102c9800        0x8
 .text.RIL_GetLimitedCmdCnt
                0x102c9800        0x8 build\gcc\obj/ril/src/ril_init.o
                0x102c9800                RIL_GetLimitedCmdCnt

.text.OnURCHandler_QCELLLocation
                0x102c9808      0x148
 .text.OnURCHandler_QCELLLocation
                0x102c9808      0x148 build\gcc\obj/ril/src/ril_location.o
                0x102c9808                OnURCHandler_QCELLLocation

.text.OnURCHandler_NTPCMD
                0x102c9950       0x6c
 .text.OnURCHandler_NTPCMD
                0x102c9950       0x6c build\gcc\obj/ril/src/ril_ntp.o
                0x102c9950                OnURCHandler_NTPCMD

.text.RIL_SIM_GetSimStateByName
                0x102c99bc      0x170
 .text.RIL_SIM_GetSimStateByName
                0x102c99bc      0x170 build\gcc\obj/ril/src/ril_sim.o
                0x102c99bc                RIL_SIM_GetSimStateByName

.text.QSDK_Get_Str
                0x102c9b2c       0xd0
 .text.QSDK_Get_Str
                0x102c9b2c       0xd0 build\gcc\obj/ril/src/ril_system.o
                0x102c9b2c                QSDK_Get_Str

.text.QSDK_Get_Strlen
                0x102c9bfc       0x68
 .text.QSDK_Get_Strlen
                0x102c9bfc       0x68 build\gcc\obj/ril/src/ril_system.o
                0x102c9bfc                QSDK_Get_Strlen

.text.OnURCHandler_HTTP
                0x102c9c64       0x6c
 .text.OnURCHandler_HTTP
                0x102c9c64       0x6c build\gcc\obj/ril/src/ril_urc.o

.text.OnURCHandler_AudPlayInd
                0x102c9cd0       0x50
 .text.OnURCHandler_AudPlayInd
                0x102c9cd0       0x50 build\gcc\obj/ril/src/ril_urc.o

.text.OnURCHandler_MQTT_DISC
                0x102c9d20      0x124
 .text.OnURCHandler_MQTT_DISC
                0x102c9d20      0x124 build\gcc\obj/ril/src/ril_urc.o

.text.OnURCHandler_MQTT_CLOSE
                0x102c9e44      0x124
 .text.OnURCHandler_MQTT_CLOSE
                0x102c9e44      0x124 build\gcc\obj/ril/src/ril_urc.o

.text.OnURCHandler_MQTT_STATE
                0x102c9f68       0xf8
 .text.OnURCHandler_MQTT_STATE
                0x102c9f68       0xf8 build\gcc\obj/ril/src/ril_urc.o

.text.OnURCHandler_MQTT_TUNS
                0x102ca060      0x124
 .text.OnURCHandler_MQTT_TUNS
                0x102ca060      0x124 build\gcc\obj/ril/src/ril_urc.o

.text.OnURCHandler_MQTT_PUB
                0x102ca184      0x164
 .text.OnURCHandler_MQTT_PUB
                0x102ca184      0x164 build\gcc\obj/ril/src/ril_urc.o

.text.OnURCHandler_MQTT_SUB
                0x102ca2e8      0x184
 .text.OnURCHandler_MQTT_SUB
                0x102ca2e8      0x184 build\gcc\obj/ril/src/ril_urc.o

.text.OnURCHandler_MQTT_CONN
                0x102ca46c      0x138
 .text.OnURCHandler_MQTT_CONN
                0x102ca46c      0x138 build\gcc\obj/ril/src/ril_urc.o

.text.OnURCHandler_MQTT_OPEN
                0x102ca5a4       0xf8
 .text.OnURCHandler_MQTT_OPEN
                0x102ca5a4       0xf8 build\gcc\obj/ril/src/ril_urc.o

.text.OnURCHandler_AlarmRing
                0x102ca69c       0x28
 .text.OnURCHandler_AlarmRing
                0x102ca69c       0x28 build\gcc\obj/ril/src/ril_urc.o

.text.OnURCHandler_InitStat
                0x102ca6c4       0x68
 .text.OnURCHandler_InitStat
                0x102ca6c4       0x68 build\gcc\obj/ril/src/ril_urc.o

.text.OnURCHandler_FTP
                0x102ca72c      0x178
 .text.OnURCHandler_FTP
                0x102ca72c      0x178 build\gcc\obj/ril/src/ril_urc.o

.text.OnURCHandler_CFUN
                0x102ca8a4       0xc0
 .text.OnURCHandler_CFUN
                0x102ca8a4       0xc0 build\gcc\obj/ril/src/ril_urc.o

.text.OnURCHandler_Voltage
                0x102ca964       0xa4
 .text.OnURCHandler_Voltage
                0x102ca964       0xa4 build\gcc\obj/ril/src/ril_urc.o

.text.OnURCHandler_Network
                0x102caa08      0x178
 .text.OnURCHandler_Network
                0x102caa08      0x178 build\gcc\obj/ril/src/ril_urc.o

.text.OnURCHandler_Call
                0x102cab80      0x28c
 .text.OnURCHandler_Call
                0x102cab80      0x28c build\gcc\obj/ril/src/ril_urc.o

.text.OnURCHandler_SIM
                0x102cae0c      0x100
 .text.OnURCHandler_SIM
                0x102cae0c      0x100 build\gcc\obj/ril/src/ril_urc.o

.text.OnURCHandler_SMS
                0x102caf0c      0x138
 .text.OnURCHandler_SMS
                0x102caf0c      0x138 build\gcc\obj/ril/src/ril_urc.o

.text.OnURCHandler
                0x102cb044       0xc0
 .text.OnURCHandler
                0x102cb044       0xc0 build\gcc\obj/ril/src/ril_urc.o
                0x102cb044                OnURCHandler

.text.Ql_RIL_IsURCStr
                0x102cb104       0x80
 .text.Ql_RIL_IsURCStr
                0x102cb104       0x80 build\gcc\obj/ril/src/ril_urc.o
                0x102cb104                Ql_RIL_IsURCStr

.text.Ql_StrPrefixMatch
                0x102cb184       0x48
 .text.Ql_StrPrefixMatch
                0x102cb184       0x48 build\gcc\obj/ril/src/ril_util.o
                0x102cb184                Ql_StrPrefixMatch

.text.Ql_StrToUpper
                0x102cb1cc       0x44
 .text.Ql_StrToUpper
                0x102cb1cc       0x44 build\gcc\obj/ril/src/ril_util.o
                0x102cb1cc                Ql_StrToUpper

.text.Ql_RIL_FindString
                0x102cb210       0x90
 .text.Ql_RIL_FindString
                0x102cb210       0x90 build\gcc\obj/ril/src/ril_util.o
                0x102cb210                Ql_RIL_FindString

.text.Ql_RIL_FindLine
                0x102cb2a0      0x278
 .text.Ql_RIL_FindLine
                0x102cb2a0      0x278 build\gcc\obj/ril/src/ril_util.o
                0x102cb2a0                Ql_RIL_FindLine

.text.Ql_GenHash
                0x102cb518       0x4c
 .text.Ql_GenHash
                0x102cb518       0x4c build\gcc\obj/ril/src/ril_util.o
                0x102cb518                Ql_GenHash

.text.io_expander_timer_callback
                0x102cb564      0x174
 .text.io_expander_timer_callback
                0x102cb564      0x174 build\gcc\obj/custom/main.o

.text.uart_command_callback
                0x102cb6d8      0x158
 .text.uart_command_callback
                0x102cb6d8      0x158 build\gcc\obj/custom/main.o

.text.proc_main_task
                0x102cb830     0x12cc
 .text.proc_main_task
                0x102cb830     0x12cc build\gcc\obj/custom/main.o
                0x102cb830                proc_main_task

.text.at_response_handler
                0x102ccafc       0xc4
 .text.at_response_handler
                0x102ccafc       0xc4 build\gcc\obj/custom/uart/uart.o

.text.uart_callback_handler
                0x102ccbc0      0x1b4
 .text.uart_callback_handler
                0x102ccbc0      0x1b4 build\gcc\obj/custom/uart/uart.o

.text.uart_init
                0x102ccd74      0x100
 .text.uart_init
                0x102ccd74      0x100 build\gcc\obj/custom/uart/uart.o
                0x102ccd74                uart_init

.text.uart_register_callback
                0x102cce74       0x9c
 .text.uart_register_callback
                0x102cce74       0x9c build\gcc\obj/custom/uart/uart.o
                0x102cce74                uart_register_callback

.text.file_open
                0x102ccf10      0x12c
 .text.file_open
                0x102ccf10      0x12c build\gcc\obj/custom/param/file.o
                0x102ccf10                file_open

.text.file_close
                0x102cd03c       0x28
 .text.file_close
                0x102cd03c       0x28 build\gcc\obj/custom/param/file.o
                0x102cd03c                file_close

.text.file_write
                0x102cd064      0x1c4
 .text.file_write
                0x102cd064      0x1c4 build\gcc\obj/custom/param/file.o
                0x102cd064                file_write

.text.file_read
                0x102cd228      0x15c
 .text.file_read
                0x102cd228      0x15c build\gcc\obj/custom/param/file.o
                0x102cd228                file_read

.text.file_delete
                0x102cd384       0x84
 .text.file_delete
                0x102cd384       0x84 build\gcc\obj/custom/param/file.o
                0x102cd384                file_delete

.text.file_exists
                0x102cd408       0x40
 .text.file_exists
                0x102cd408       0x40 build\gcc\obj/custom/param/file.o
                0x102cd408                file_exists

.text.file_get_size
                0x102cd448       0x28
 .text.file_get_size
                0x102cd448       0x28 build\gcc\obj/custom/param/file.o
                0x102cd448                file_get_size

.text.file_save
                0x102cd470      0x1b8
 .text.file_save
                0x102cd470      0x1b8 build\gcc\obj/custom/param/file.o
                0x102cd470                file_save

.text.file_load
                0x102cd628      0x1cc
 .text.file_load
                0x102cd628      0x1cc build\gcc\obj/custom/param/file.o
                0x102cd628                file_load

.text.file_size
                0x102cd7f4       0x44
 .text.file_size
                0x102cd7f4       0x44 build\gcc\obj/custom/param/file.o
                0x102cd7f4                file_size

.text.param_lock
                0x102cd838       0x28
 .text.param_lock
                0x102cd838       0x28 build\gcc\obj/custom/param/param.o

.text.param_unlock
                0x102cd860       0x28
 .text.param_unlock
                0x102cd860       0x28 build\gcc\obj/custom/param/param.o

.text.invoke_callback
                0x102cd888      0x18c
 .text.invoke_callback
                0x102cd888      0x18c build\gcc\obj/custom/param/param.o

.text.param_set_int8
                0x102cda14      0x1b4
 .text.param_set_int8
                0x102cda14      0x1b4 build\gcc\obj/custom/param/param.o
                0x102cda14                param_set_int8

.text.param_set_int16
                0x102cdbc8      0x1b0
 .text.param_set_int16
                0x102cdbc8      0x1b0 build\gcc\obj/custom/param/param.o
                0x102cdbc8                param_set_int16

.text.param_set_int32
                0x102cdd78      0x1b0
 .text.param_set_int32
                0x102cdd78      0x1b0 build\gcc\obj/custom/param/param.o
                0x102cdd78                param_set_int32

.text.param_set_string
                0x102cdf28      0x398
 .text.param_set_string
                0x102cdf28      0x398 build\gcc\obj/custom/param/param.o
                0x102cdf28                param_set_string

.text.param_get_int8
                0x102ce2c0       0x98
 .text.param_get_int8
                0x102ce2c0       0x98 build\gcc\obj/custom/param/param.o
                0x102ce2c0                param_get_int8

.text.param_get_int16
                0x102ce358       0x98
 .text.param_get_int16
                0x102ce358       0x98 build\gcc\obj/custom/param/param.o
                0x102ce358                param_get_int16

.text.param_get_int32
                0x102ce3f0       0x98
 .text.param_get_int32
                0x102ce3f0       0x98 build\gcc\obj/custom/param/param.o
                0x102ce3f0                param_get_int32

.text.param_get_string
                0x102ce488      0x104
 .text.param_get_string
                0x102ce488      0x104 build\gcc\obj/custom/param/param.o
                0x102ce488                param_get_string

.text.param_commit
                0x102ce58c      0x1b0
 .text.param_commit
                0x102ce58c      0x1b0 build\gcc\obj/custom/param/param.o
                0x102ce58c                param_commit

.text.param_count
                0x102ce73c        0x8
 .text.param_count
                0x102ce73c        0x8 build\gcc\obj/custom/param/param.o
                0x102ce73c                param_count

.text.param_get_name
                0x102ce744       0x1c
 .text.param_get_name
                0x102ce744       0x1c build\gcc\obj/custom/param/param.o
                0x102ce744                param_get_name

.text.param_get_ram_usage
                0x102ce760       0x68
 .text.param_get_ram_usage
                0x102ce760       0x68 build\gcc\obj/custom/param/param.o
                0x102ce760                param_get_ram_usage

.text.param_init
                0x102ce7c8      0x30c
 .text.param_init
                0x102ce7c8      0x30c build\gcc\obj/custom/param/param.o
                0x102ce7c8                param_init

.text.param_set_callback
                0x102cead4      0x22c
 .text.param_set_callback
                0x102cead4      0x22c build\gcc\obj/custom/param/param.o
                0x102cead4                param_set_callback

.text.param_storage_save
                0x102ced00      0x20c
 .text.param_storage_save
                0x102ced00      0x20c build\gcc\obj/custom/param/param_storage.o
                0x102ced00                param_storage_save

.text.param_storage_load
                0x102cef0c      0x4c4
 .text.param_storage_load
                0x102cef0c      0x4c4 build\gcc\obj/custom/param/param_storage.o
                0x102cef0c                param_storage_load

.text.io_expander_eint_callback
                0x102cf3d0      0x544
 .text.io_expander_eint_callback
                0x102cf3d0      0x438 build\gcc\obj/custom/gpio/gpio.o
 .text.io_expander_eint_callback
                0x102cf808      0x10c build\gcc\obj/custom/io_expander/io_expander.o

.text.gpio_param_callback
                0x102cf914      0x164
 .text.gpio_param_callback
                0x102cf914      0x164 build\gcc\obj/custom/gpio/gpio.o

.text.gpio_init
                0x102cfa78      0xc24
 .text.gpio_init
                0x102cfa78      0xc24 build\gcc\obj/custom/gpio/gpio.o
                0x102cfa78                gpio_init

.text.gpio_get_count
                0x102d069c       0x10
 .text.gpio_get_count
                0x102d069c       0x10 build\gcc\obj/custom/gpio/gpio.o
                0x102d069c                gpio_get_count

.text.parse_param_key
                0x102d06ac       0x7c
 .text.parse_param_key
                0x102d06ac       0x7c build\gcc\obj/custom/com/com.o

.text.send_response
                0x102d0728       0xd8
 .text.send_response
                0x102d0728       0xd8 build\gcc\obj/custom/com/com.o

.text.simple_strtok.constprop.0
                0x102d0800       0x94
 .text.simple_strtok.constprop.0
                0x102d0800       0x94 build\gcc\obj/custom/com/com.o

.text.com_init  0x102d0894      0x218
 .text.com_init
                0x102d0894      0x218 build\gcc\obj/custom/com/com.o
                0x102d0894                com_init

.text.com_process_command
                0x102d0aac      0xadc
 .text.com_process_command
                0x102d0aac      0xadc build\gcc\obj/custom/com/com.o
                0x102d0aac                com_process_command

.text.oled_send_cmd
                0x102d1588       0x30
 .text.oled_send_cmd
                0x102d1588       0x30 build\gcc\obj/custom/oled/oled.o

.text.oled_init
                0x102d15b8      0x2e0
 .text.oled_init
                0x102d15b8      0x2e0 build\gcc\obj/custom/oled/oled.o
                0x102d15b8                oled_init

.text.oled_clear
                0x102d1898       0x24
 .text.oled_clear
                0x102d1898       0x24 build\gcc\obj/custom/oled/oled.o
                0x102d1898                oled_clear

.text.oled_update
                0x102d18bc       0xac
 .text.oled_update
                0x102d18bc       0xac build\gcc\obj/custom/oled/oled.o
                0x102d18bc                oled_update

.text.oled_set_pixel
                0x102d1968       0x48
 .text.oled_set_pixel
                0x102d1968       0x48 build\gcc\obj/custom/oled/oled.o
                0x102d1968                oled_set_pixel

.text.oled_draw_char
                0x102d19b0       0x60
 .text.oled_draw_char
                0x102d19b0       0x60 build\gcc\obj/custom/oled/oled.o
                0x102d19b0                oled_draw_char

.text.oled_draw_string
                0x102d1a10       0x48
 .text.oled_draw_string
                0x102d1a10       0x48 build\gcc\obj/custom/oled/oled.o
                0x102d1a10                oled_draw_string

.text.oled_draw_hline
                0x102d1a58       0x44
 .text.oled_draw_hline
                0x102d1a58       0x44 build\gcc\obj/custom/oled/oled.o
                0x102d1a58                oled_draw_hline

.text.oled_draw_vline
                0x102d1a9c       0x44
 .text.oled_draw_vline
                0x102d1a9c       0x44 build\gcc\obj/custom/oled/oled.o
                0x102d1a9c                oled_draw_vline

.text.oled_draw_rect
                0x102d1ae0       0xcc
 .text.oled_draw_rect
                0x102d1ae0       0xcc build\gcc\obj/custom/oled/oled.o
                0x102d1ae0                oled_draw_rect

.text.lookup_device_name
                0x102d1bac       0x3c
 .text.lookup_device_name
                0x102d1bac       0x3c build\gcc\obj/custom/i2c_bus/i2c_bus.o

.text.i2c_bus_init
                0x102d1be8      0x3f0
 .text.i2c_bus_init
                0x102d1be8      0x3f0 build\gcc\obj/custom/i2c_bus/i2c_bus.o
                0x102d1be8                i2c_bus_init

.text.i2c_bus_config_device
                0x102d1fd8      0x2cc
 .text.i2c_bus_config_device
                0x102d1fd8      0x2cc build\gcc\obj/custom/i2c_bus/i2c_bus.o
                0x102d1fd8                i2c_bus_config_device

.text.i2c_bus_get_channel
                0x102d22a4        0x8
 .text.i2c_bus_get_channel
                0x102d22a4        0x8 build\gcc\obj/custom/i2c_bus/i2c_bus.o
                0x102d22a4                i2c_bus_get_channel

.text.i2c_bus_is_initialized
                0x102d22ac       0x10
 .text.i2c_bus_is_initialized
                0x102d22ac       0x10 build\gcc\obj/custom/i2c_bus/i2c_bus.o
                0x102d22ac                i2c_bus_is_initialized

.text.i2c_bus_reinit
                0x102d22bc      0x180
 .text.i2c_bus_reinit
                0x102d22bc      0x180 build\gcc\obj/custom/i2c_bus/i2c_bus.o
                0x102d22bc                i2c_bus_reinit

.text.i2c_bus_scan
                0x102d243c      0x9e8
 .text.i2c_bus_scan
                0x102d243c      0x9e8 build\gcc\obj/custom/i2c_bus/i2c_bus.o
                0x102d243c                i2c_bus_scan

.text.get_device
                0x102d2e24       0x38
 .text.get_device
                0x102d2e24       0x38 build\gcc\obj/custom/io_expander/io_expander.o

.text.pcf8574_read
                0x102d2e5c       0xb0
 .text.pcf8574_read
                0x102d2e5c       0xb0 build\gcc\obj/custom/io_expander/io_expander.o

.text.pcf8574_write
                0x102d2f0c       0xb4
 .text.pcf8574_write
                0x102d2f0c       0xb4 build\gcc\obj/custom/io_expander/io_expander.o

.text.io_expander_init
                0x102d2fc0      0x538
 .text.io_expander_init
                0x102d2fc0      0x538 build\gcc\obj/custom/io_expander/io_expander.o
                0x102d2fc0                io_expander_init

.text.io_expander_write_port
                0x102d34f8       0x64
 .text.io_expander_write_port
                0x102d34f8       0x64 build\gcc\obj/custom/io_expander/io_expander.o
                0x102d34f8                io_expander_write_port

.text.io_expander_read_port
                0x102d355c       0x78
 .text.io_expander_read_port
                0x102d355c       0x78 build\gcc\obj/custom/io_expander/io_expander.o
                0x102d355c                io_expander_read_port

.text.io_expander_get_device_count
                0x102d35d4       0x10
 .text.io_expander_get_device_count
                0x102d35d4       0x10 build\gcc\obj/custom/io_expander/io_expander.o
                0x102d35d4                io_expander_get_device_count

.text.io_expander_get_device_name
                0x102d35e4       0x20
 .text.io_expander_get_device_name
                0x102d35e4       0x20 build\gcc\obj/custom/io_expander/io_expander.o
                0x102d35e4                io_expander_get_device_name

.text.io_expander_print_status
                0x102d3604      0x49c
 .text.io_expander_print_status
                0x102d3604      0x49c build\gcc\obj/custom/io_expander/io_expander.o
                0x102d3604                io_expander_print_status

.text.io_expander_is_initialized
                0x102d3aa0       0x10
 .text.io_expander_is_initialized
                0x102d3aa0       0x10 build\gcc\obj/custom/io_expander/io_expander.o
                0x102d3aa0                io_expander_is_initialized

.text.io_expander_param_callback
                0x102d3ab0      0x220
 .text.io_expander_param_callback
                0x102d3ab0      0x220 build\gcc\obj/custom/io_expander/io_expander_param.o

.text.io_expander_param_init
                0x102d3cd0      0x958
 .text.io_expander_param_init
                0x102d3cd0      0x958 build\gcc\obj/custom/io_expander/io_expander_param.o
                0x102d3cd0                io_expander_param_init

.text.Ql_EINT_Register
                0x102d4628       0x70
 .text.Ql_EINT_Register
                0x102d4628       0x70 libs/gcc/app_start.lib(eint.o)
                0x102d4628                Ql_EINT_Register

.text.Ql_EINT_Init
                0x102d4698       0x80
 .text.Ql_EINT_Init
                0x102d4698       0x80 libs/gcc/app_start.lib(eint.o)
                0x102d4698                Ql_EINT_Init

.text.Ql_EINT_Uninit
                0x102d4718       0x60
 .text.Ql_EINT_Uninit
                0x102d4718       0x60 libs/gcc/app_start.lib(eint.o)
                0x102d4718                Ql_EINT_Uninit

.text.Ql_EINT_Mask
                0x102d4778       0x54
 .text.Ql_EINT_Mask
                0x102d4778       0x54 libs/gcc/app_start.lib(eint.o)
                0x102d4778                Ql_EINT_Mask

.text.Ql_EINT_Unmask
                0x102d47cc       0x54
 .text.Ql_EINT_Unmask
                0x102d47cc       0x54 libs/gcc/app_start.lib(eint.o)
                0x102d47cc                Ql_EINT_Unmask

.text.Ql_FS_Open
                0x102d4820       0x68
 .text.Ql_FS_Open
                0x102d4820       0x68 libs/gcc/app_start.lib(fileSys.o)
                0x102d4820                Ql_FS_Open

.text.Ql_FS_Read
                0x102d4888       0x78
 .text.Ql_FS_Read
                0x102d4888       0x78 libs/gcc/app_start.lib(fileSys.o)
                0x102d4888                Ql_FS_Read

.text.Ql_FS_Write
                0x102d4900       0x78
 .text.Ql_FS_Write
                0x102d4900       0x78 libs/gcc/app_start.lib(fileSys.o)
                0x102d4900                Ql_FS_Write

.text.Ql_FS_Close
                0x102d4978       0x54
 .text.Ql_FS_Close
                0x102d4978       0x54 libs/gcc/app_start.lib(fileSys.o)
                0x102d4978                Ql_FS_Close

.text.Ql_FS_GetSize
                0x102d49cc       0x60
 .text.Ql_FS_GetSize
                0x102d49cc       0x60 libs/gcc/app_start.lib(fileSys.o)
                0x102d49cc                Ql_FS_GetSize

.text.Ql_FS_Delete
                0x102d4a2c       0x60
 .text.Ql_FS_Delete
                0x102d4a2c       0x60 libs/gcc/app_start.lib(fileSys.o)
                0x102d4a2c                Ql_FS_Delete

.text.Ql_GPIO_Init
                0x102d4a8c       0x78
 .text.Ql_GPIO_Init
                0x102d4a8c       0x78 libs/gcc/app_start.lib(gpio.o)
                0x102d4a8c                Ql_GPIO_Init

.text.Ql_GPIO_SetLevel
                0x102d4b04       0x68
 .text.Ql_GPIO_SetLevel
                0x102d4b04       0x68 libs/gcc/app_start.lib(gpio.o)
                0x102d4b04                Ql_GPIO_SetLevel

.text.Ql_IIC_Init
                0x102d4b6c       0x78
 .text.Ql_IIC_Init
                0x102d4b6c       0x78 libs/gcc/app_start.lib(iic.o)
                0x102d4b6c                Ql_IIC_Init

.text.Ql_IIC_Config
                0x102d4be4       0x78
 .text.Ql_IIC_Config
                0x102d4be4       0x78 libs/gcc/app_start.lib(iic.o)
                0x102d4be4                Ql_IIC_Config

.text.Ql_IIC_Write
                0x102d4c5c       0x78
 .text.Ql_IIC_Write
                0x102d4c5c       0x78 libs/gcc/app_start.lib(iic.o)
                0x102d4c5c                Ql_IIC_Write

.text.Ql_IIC_Read
                0x102d4cd4       0x78
 .text.Ql_IIC_Read
                0x102d4cd4       0x78 libs/gcc/app_start.lib(iic.o)
                0x102d4cd4                Ql_IIC_Read

.text.Ql_IIC_Write_Read
                0x102d4d4c       0x88
 .text.Ql_IIC_Write_Read
                0x102d4d4c       0x88 libs/gcc/app_start.lib(iic.o)
                0x102d4d4c                Ql_IIC_Write_Read

.text.Ql_IIC_Uninit
                0x102d4dd4       0x60
 .text.Ql_IIC_Uninit
                0x102d4dd4       0x60 libs/gcc/app_start.lib(iic.o)
                0x102d4dd4                Ql_IIC_Uninit

.text.Ql_MEM_Alloc
                0x102d4e34       0x78
 .text.Ql_MEM_Alloc
                0x102d4e34       0x78 libs/gcc/app_start.lib(memory.o)
                0x102d4e34                Ql_MEM_Alloc

.text.Ql_MEM_Free
                0x102d4eac       0x74
 .text.Ql_MEM_Free
                0x102d4eac       0x74 libs/gcc/app_start.lib(memory.o)
                0x102d4eac                Ql_MEM_Free

.text.ql_InitVFunc
                0x102d4f20       0xd8
 .text.ql_InitVFunc
                0x102d4f20       0xd8 libs/gcc/app_start.lib(ql_main.o)
                0x102d4f20                ql_InitVFunc

.text.ocpu_main
                0x102d4ff8       0xf0
 .text.ocpu_main
                0x102d4ff8       0xf0 libs/gcc/app_start.lib(ql_main.o)
                0x102d4ff8                ocpu_main

.text.proc_reserved2
                0x102d50e8       0x70
 .text.proc_reserved2
                0x102d50e8       0x70 libs/gcc/app_start.lib(ril_aux.o)
                0x102d50e8                proc_reserved2

.text.ril_StopATTimer
                0x102d5158       0x34
 .text.ril_StopATTimer
                0x102d5158       0x34 libs/gcc/app_start.lib(ril_main.o)

.text.Callback_OnATTimer
                0x102d518c       0x4c
 .text.Callback_OnATTimer
                0x102d518c       0x4c libs/gcc/app_start.lib(ril_main.o)

.text.CallBack_SerialPort_Hdlr
                0x102d51d8      0x558
 .text.CallBack_SerialPort_Hdlr
                0x102d51d8      0x558 libs/gcc/app_start.lib(ril_main.o)

.text.proc_reserved1
                0x102d5730      0x200
 .text.proc_reserved1
                0x102d5730      0x200 libs/gcc/app_start.lib(ril_main.o)
                0x102d5730                proc_reserved1

.text.Ql_RIL_Initialize
                0x102d5930       0xd4
 .text.Ql_RIL_Initialize
                0x102d5930       0xd4 libs/gcc/app_start.lib(ril_main.o)
                0x102d5930                Ql_RIL_Initialize

.text.Ql_RIL_SendATCmd
                0x102d5a04      0x260
 .text.Ql_RIL_SendATCmd
                0x102d5a04      0x260 libs/gcc/app_start.lib(ril_main.o)
                0x102d5a04                Ql_RIL_SendATCmd

.text.Ql_atof   0x102d5c64       0x98
 .text.Ql_atof  0x102d5c64       0x98 libs/gcc/app_start.lib(stdlib_func.o)
                0x102d5c64                Ql_atof

.text.Ql_strcpy
                0x102d5cfc       0xa0
 .text.Ql_strcpy
                0x102d5cfc       0xa0 libs/gcc/app_start.lib(stdlib_func.o)
                0x102d5cfc                Ql_strcpy

.text.Ql_strncpy
                0x102d5d9c       0x88
 .text.Ql_strncpy
                0x102d5d9c       0x88 libs/gcc/app_start.lib(stdlib_func.o)
                0x102d5d9c                Ql_strncpy

.text.Ql_strlen
                0x102d5e24       0x78
 .text.Ql_strlen
                0x102d5e24       0x78 libs/gcc/app_start.lib(stdlib_func.o)
                0x102d5e24                Ql_strlen

.text.Ql_strcmp
                0x102d5e9c       0x68
 .text.Ql_strcmp
                0x102d5e9c       0x68 libs/gcc/app_start.lib(stdlib_func.o)
                0x102d5e9c                Ql_strcmp

.text.Ql_strncmp
                0x102d5f04       0x70
 .text.Ql_strncmp
                0x102d5f04       0x70 libs/gcc/app_start.lib(stdlib_func.o)
                0x102d5f04                Ql_strncmp

.text.Ql_memset
                0x102d5f74       0x88
 .text.Ql_memset
                0x102d5f74       0x88 libs/gcc/app_start.lib(stdlib_func.o)
                0x102d5f74                Ql_memset

.text.Ql_memcpy
                0x102d5ffc       0x88
 .text.Ql_memcpy
                0x102d5ffc       0x88 libs/gcc/app_start.lib(stdlib_func.o)
                0x102d5ffc                Ql_memcpy

.text.Ql_strstr
                0x102d6084       0x80
 .text.Ql_strstr
                0x102d6084       0x80 libs/gcc/app_start.lib(stdlib_func.o)
                0x102d6084                Ql_strstr

.text.Ql_toupper
                0x102d6104        0x8
 .text.Ql_toupper
                0x102d6104        0x8 libs/gcc/app_start.lib(stdlib_func.o)
                0x102d6104                Ql_toupper

.text.Ql_atoi   0x102d610c       0x84
 .text.Ql_atoi  0x102d610c       0x84 libs/gcc/app_start.lib(stdlib_func.o)
                0x102d610c                Ql_atoi

.text.Ql_Sleep  0x102d6190       0x74
 .text.Ql_Sleep
                0x102d6190       0x74 libs/gcc/app_start.lib(system.o)
                0x102d6190                Ql_Sleep

.text.Ql_GetSDKVer
                0x102d6204       0x64
 .text.Ql_GetSDKVer
                0x102d6204       0x64 libs/gcc/app_start.lib(system.o)
                0x102d6204                Ql_GetSDKVer

.text.Ql_OS_GetMessage
                0x102d6268       0x60
 .text.Ql_OS_GetMessage
                0x102d6268       0x60 libs/gcc/app_start.lib(taskMngt.o)
                0x102d6268                Ql_OS_GetMessage

.text.Ql_OS_SendMessage
                0x102d62c8       0x78
 .text.Ql_OS_SendMessage
                0x102d62c8       0x78 libs/gcc/app_start.lib(taskMngt.o)
                0x102d62c8                Ql_OS_SendMessage

.text.Ql_OS_CreateMutex
                0x102d6340       0x54
 .text.Ql_OS_CreateMutex
                0x102d6340       0x54 libs/gcc/app_start.lib(taskMngt.o)
                0x102d6340                Ql_OS_CreateMutex

.text.Ql_OS_TakeMutex
                0x102d6394       0x54
 .text.Ql_OS_TakeMutex
                0x102d6394       0x54 libs/gcc/app_start.lib(taskMngt.o)
                0x102d6394                Ql_OS_TakeMutex

.text.Ql_OS_GiveMutex
                0x102d63e8       0x54
 .text.Ql_OS_GiveMutex
                0x102d63e8       0x54 libs/gcc/app_start.lib(taskMngt.o)
                0x102d63e8                Ql_OS_GiveMutex

.text.Ql_OS_CreateEvent
                0x102d643c       0x54
 .text.Ql_OS_CreateEvent
                0x102d643c       0x54 libs/gcc/app_start.lib(taskMngt.o)
                0x102d643c                Ql_OS_CreateEvent

.text.Ql_OS_WaitEvent
                0x102d6490       0x68
 .text.Ql_OS_WaitEvent
                0x102d6490       0x68 libs/gcc/app_start.lib(taskMngt.o)
                0x102d6490                Ql_OS_WaitEvent

.text.Ql_OS_SetEvent
                0x102d64f8       0x68
 .text.Ql_OS_SetEvent
                0x102d64f8       0x68 libs/gcc/app_start.lib(taskMngt.o)
                0x102d64f8                Ql_OS_SetEvent

.text.Ql_Timer_Register
                0x102d6560       0x70
 .text.Ql_Timer_Register
                0x102d6560       0x70 libs/gcc/app_start.lib(timer.o)
                0x102d6560                Ql_Timer_Register

.text.Ql_Timer_Start
                0x102d65d0       0x70
 .text.Ql_Timer_Start
                0x102d65d0       0x70 libs/gcc/app_start.lib(timer.o)
                0x102d65d0                Ql_Timer_Start

.text.Ql_Timer_Stop
                0x102d6640       0x60
 .text.Ql_Timer_Stop
                0x102d6640       0x60 libs/gcc/app_start.lib(timer.o)
                0x102d6640                Ql_Timer_Stop

.text.Ql_UART_Register
                0x102d66a0       0x70
 .text.Ql_UART_Register
                0x102d66a0       0x70 libs/gcc/app_start.lib(uart.o)
                0x102d66a0                Ql_UART_Register

.text.Ql_UART_Open
                0x102d6710       0x70
 .text.Ql_UART_Open
                0x102d6710       0x70 libs/gcc/app_start.lib(uart.o)
                0x102d6710                Ql_UART_Open

.text.Ql_UART_Write
                0x102d6780       0x70
 .text.Ql_UART_Write
                0x102d6780       0x70 libs/gcc/app_start.lib(uart.o)
                0x102d6780                Ql_UART_Write

.text.Ql_UART_Read
                0x102d67f0       0x70
 .text.Ql_UART_Read
                0x102d67f0       0x70 libs/gcc/app_start.lib(uart.o)
                0x102d67f0                Ql_UART_Read

.text.Ql_UART_GetPinStatus
                0x102d6860       0x68
 .text.Ql_UART_GetPinStatus
                0x102d6860       0x68 libs/gcc/app_start.lib(uart.o)
                0x102d6860                Ql_UART_GetPinStatus

.text.Ql_UART_SendEscap
                0x102d68c8       0x60
 .text.Ql_UART_SendEscap
                0x102d68c8       0x60 libs/gcc/app_start.lib(uart.o)
                0x102d68c8                Ql_UART_SendEscap

.text.Ql_WTD_Feed
                0x102d6928       0x5c
 .text.Ql_WTD_Feed
                0x102d6928       0x5c libs/gcc/app_start.lib(watchdog.o)
                0x102d6928                Ql_WTD_Feed

.rodata         0x102d6984     0x104a
 *(.rodata)
 .rodata        0x102d6984       0x54 build\gcc\obj/custom/config/custom_sys_cfg.o
                0x102d6988                SystemCfg
 .rodata        0x102d69d8       0x54 build\gcc\obj/custom/config/sys_config.o
                0x102d69d8                GpioConfigTbl
                0x102d69dc                TaskConfig
 .rodata        0x102d6a2c      0x100 build\gcc\obj/ril/src/ril_bluetooth.o
 .rodata        0x102d6b2c       0x1a build\gcc\obj/ril/src/ril_dtmf.o
 .rodata        0x102d6b46        0xe build\gcc\obj/ril/src/ril_location.o
 .rodata        0x102d6b54        0xa build\gcc\obj/ril/src/ril_ntp.o
 *fill*         0x102d6b5e        0x2 
 .rodata        0x102d6b60      0xa48 build\gcc\obj/ril/src/ril_urc.o
 .rodata        0x102d75a8       0x10 build\gcc\obj/custom/main.o
 .rodata        0x102d75b8       0x60 build\gcc\obj/custom/param/param.o
 .rodata        0x102d7618       0x20 build\gcc\obj/custom/gpio/gpio.o
 .rodata        0x102d7638      0x23a build\gcc\obj/custom/oled/oled.o
 *fill*         0x102d7872        0x2 
 .rodata        0x102d7874      0x120 build\gcc\obj/custom/i2c_bus/i2c_bus.o
 .rodata        0x102d7994       0x16 libs/gcc/app_start.lib(ql_main.o)
 .rodata        0x102d79aa        0x4 libs/gcc/app_start.lib(ril_main.o)
 .rodata        0x102d79ae       0x20 libs/gcc/app_start.lib(system.o)

.rodata.str1.1  0x102d79ce     0x4bcb
 .rodata.str1.1
                0x102d79ce       0x28 build\gcc\obj/ril/src/ril_atResponse.o
                                 0x2e (size before relaxing)
 .rodata.str1.1
                0x102d79f6      0x3e8 build\gcc\obj/ril/src/ril_bluetooth.o
                                0x4e3 (size before relaxing)
 .rodata.str1.1
                0x102d7dde       0xb7 build\gcc\obj/ril/src/ril_dtmf.o
                                 0xcc (size before relaxing)
 .rodata.str1.1
                0x102d7e95       0x52 build\gcc\obj/ril/src/ril_init.o
 .rodata.str1.1
                0x102d7ee7       0x8a build\gcc\obj/ril/src/ril_location.o
                                 0xca (size before relaxing)
 .rodata.str1.1
                0x102d7f71       0x79 build\gcc\obj/ril/src/ril_sim.o
                                 0xaf (size before relaxing)
 .rodata.str1.1
                0x102d7fea      0x1b2 build\gcc\obj/ril/src/ril_urc.o
                                0x1b9 (size before relaxing)
 .rodata.str1.1
                0x102d819c       0x11 build\gcc\obj/ril/src/ril_util.o
                                 0x16 (size before relaxing)
 .rodata.str1.1
                0x102d81ad      0xa91 build\gcc\obj/custom/main.o
                                0xabf (size before relaxing)
 .rodata.str1.1
                0x102d8c3e      0x131 build\gcc\obj/custom/uart/uart.o
                                0x154 (size before relaxing)
 .rodata.str1.1
                0x102d8d6f      0x2f2 build\gcc\obj/custom/param/file.o
 .rodata.str1.1
                0x102d9061      0x6db build\gcc\obj/custom/param/param.o
                                0x71d (size before relaxing)
 .rodata.str1.1
                0x102d973c      0x252 build\gcc\obj/custom/param/param_storage.o
 .rodata.str1.1
                0x102d998e      0x9ec build\gcc\obj/custom/gpio/gpio.o
                                0xa78 (size before relaxing)
 .rodata.str1.1
                0x102da37a      0x70d build\gcc\obj/custom/com/com.o
                                0x7a2 (size before relaxing)
 .rodata.str1.1
                0x102daa87      0x233 build\gcc\obj/custom/oled/oled.o
 .rodata.str1.1
                0x102dacba      0x568 build\gcc\obj/custom/i2c_bus/i2c_bus.o
                                0x6bf (size before relaxing)
 .rodata.str1.1
                0x102db222      0x414 build\gcc\obj/custom/io_expander/io_expander.o
                                0x42c (size before relaxing)
 .rodata.str1.1
                0x102db636      0x84d build\gcc\obj/custom/io_expander/io_expander_param.o
                                0x861 (size before relaxing)
 .rodata.str1.1
                0x102dbe83       0x6f libs/gcc/app_start.lib(eint.o)
 .rodata.str1.1
                0x102dbef2      0x15c libs/gcc/app_start.lib(fileSys.o)
 .rodata.str1.1
                0x102dc04e       0x9a libs/gcc/app_start.lib(gpio.o)
 .rodata.str1.1
                0x102dc0e8       0x53 libs/gcc/app_start.lib(iic.o)
 .rodata.str1.1
                0x102dc13b       0x19 libs/gcc/app_start.lib(memory.o)
 .rodata.str1.1
                0x102dc154       0x51 libs/gcc/app_start.lib(ql_main.o)
                                 0x56 (size before relaxing)
 .rodata.str1.1
                0x102dc1a5       0x2b libs/gcc/app_start.lib(ril_main.o)
                                 0x32 (size before relaxing)
 .rodata.str1.1
                0x102dc1d0       0xe8 libs/gcc/app_start.lib(stdlib_func.o)
 .rodata.str1.1
                0x102dc2b8       0x3d libs/gcc/app_start.lib(system.o)
 .rodata.str1.1
                0x102dc2f5      0x157 libs/gcc/app_start.lib(taskMngt.o)
 .rodata.str1.1
                0x102dc44c       0x45 libs/gcc/app_start.lib(timer.o)
 .rodata.str1.1
                0x102dc491      0x108 libs/gcc/app_start.lib(uart.o)

.rel.dyn        0x102dc59c        0x0
 .rel.iplt      0x00000000        0x0 build\gcc\obj/custom/config/custom_sys_cfg.o

.data           0xf03d2000       0x90 load address 0x102dc5a0
                0x102dc5a0                PROVIDE (__data_load, LOADADDR (.data))
                0xf03d2000                PROVIDE (__data_start, .)
 *(.data)
 .data          0xf03d2000        0x1 build\gcc\obj/ril/src/ril_bluetooth.o
 *fill*         0xf03d2001        0x3 
 .data          0xf03d2004       0x20 build\gcc\obj/ril/src/ril_init.o
                0xf03d2004                g_LimitedCmds
                0xf03d200c                g_InitCmds
 .data          0xf03d2024       0x38 build\gcc\obj/ril/src/ril_urc.o
                0xf03d2024                mqtt_urc_param
 .data          0xf03d205c        0x1 build\gcc\obj/custom/uart/uart.o
 .data          0xf03d205d        0x2 build\gcc\obj/custom/i2c_bus/i2c_bus.o
 .data          0xf03d205f        0x1 build\gcc\obj/custom/io_expander/io_expander_param.o
 .data          0xf03d2060       0x18 libs/gcc/app_start.lib(ql_func.o)
                0xf03d2060                api_notsup
 .data          0xf03d2078        0x4 libs/gcc/app_start.lib(ril_aux.o)
                0xf03d2078                g_ril_auxTaskId
 .data          0xf03d207c       0x10 libs/gcc/app_start.lib(ril_main.o)
                0xf03d2090                . = ALIGN (0x8)
 *fill*         0xf03d208c        0x4 
                0xf03d2090                PROVIDE (_edata, .)

.igot.plt       0xf03d2090        0x0 load address 0x102dc630
 .igot.plt      0x00000000        0x0 build\gcc\obj/custom/config/custom_sys_cfg.o

.bss            0xf03d2090     0x3340 load address 0x102dc630
                0xf03d2090                PROVIDE (__bss_start__, .)
 *(.bss)
 .bss           0xf03d2090        0x4 build\gcc\obj/ril/src/ril_atResponse.o
 .bss           0xf03d2094        0x4 build\gcc\obj/ril/src/ril_audio.o
                0xf03d2094                cb_aud_play
 .bss           0xf03d2098       0x98 build\gcc\obj/ril/src/ril_bluetooth.o
 .bss           0xf03d2130        0x4 build\gcc\obj/ril/src/ril_custom.o
                0xf03d2130                cb_rcvCoreData
 .bss           0xf03d2134       0x10 build\gcc\obj/ril/src/ril_dtmf.o
 .bss           0xf03d2144       0x18 build\gcc\obj/ril/src/ril_http.o
                0xf03d2148                http_url_addr
                0xf03d214c                http_url_addr_len
                0xf03d2150                http_post_msg
                0xf03d2154                http_post_msg_len
                0xf03d2158                callback_http_dwnld
 .bss           0xf03d215c        0x4 build\gcc\obj/ril/src/ril_location.o
 .bss           0xf03d2160        0x4 build\gcc\obj/ril/src/ril_ntp.o
 .bss           0xf03d2164        0x8 build\gcc\obj/ril/src/ril_urc.o
                0xf03d2164                FtpGet_IND_CB
                0xf03d2168                FtpPut_IND_CB
 .bss           0xf03d216c       0x88 build\gcc\obj/custom/main.o
 .bss           0xf03d21f4      0x804 build\gcc\obj/custom/uart/uart.o
 .bss           0xf03d29f8     0x10dc build\gcc\obj/custom/param/param.o
 .bss           0xf03d3ad4      0x148 build\gcc\obj/custom/gpio/gpio.o
 .bss           0xf03d3c1c      0x110 build\gcc\obj/custom/com/com.o
 .bss           0xf03d3d2c      0x401 build\gcc\obj/custom/oled/oled.o
 *fill*         0xf03d412d        0x3 
 .bss           0xf03d4130       0xc8 build\gcc\obj/custom/i2c_bus/i2c_bus.o
 .bss           0xf03d41f8       0x4c build\gcc\obj/custom/io_expander/io_expander.o
 .bss           0xf03d4244        0x1 build\gcc\obj/custom/io_expander/io_expander_param.o
 *fill*         0xf03d4245        0x3 
 .bss           0xf03d4248       0x1c libs/gcc/app_start.lib(eint.o)
                0xf03d4248                m_EINT_Register
                0xf03d424c                m_EINT_RegisterFast
                0xf03d4250                m_EINT_Init
                0xf03d4254                m_EINT_Uninit
                0xf03d4258                m_EINT_GetLevel
                0xf03d425c                m_EINT_Mask
                0xf03d4260                m_EINT_Unmask
 .bss           0xf03d4264       0x60 libs/gcc/app_start.lib(fileSys.o)
 .bss           0xf03d42c4       0x20 libs/gcc/app_start.lib(gpio.o)
                0xf03d42c4                m_GPIO_Init
                0xf03d42c8                m_GPIO_SetLevel
                0xf03d42cc                m_GPIO_GetLevel
                0xf03d42d0                m_GPIO_SetDirection
                0xf03d42d4                m_GPIO_GetDirection
                0xf03d42d8                m_GPIO_SetPullSelection
                0xf03d42dc                m_GPIO_GetPullSelection
                0xf03d42e0                m_GPIO_Uninit
 .bss           0xf03d42e4       0x18 libs/gcc/app_start.lib(iic.o)
                0xf03d42e4                m_IIC_Init
                0xf03d42e8                m_IIC_Config
                0xf03d42ec                m_IIC_Write
                0xf03d42f0                m_IIC_Read
                0xf03d42f4                m_IIC_Write_Read
                0xf03d42f8                m_IIC_Uninit
 .bss           0xf03d42fc        0x8 libs/gcc/app_start.lib(memory.o)
 .bss           0xf03d4304       0x24 libs/gcc/app_start.lib(ql_func.o)
                0xf03d4304                m_StartPlayAudioStream
                0xf03d4308                m_get_api_ptr
                0xf03d430c                m_StopPlayAudioStream
                0xf03d4310                m_GetRelativeTime_Counter
                0xf03d4314                m_SecondToTicks
                0xf03d4318                m_MillisecondToTicks
                0xf03d431c                m_CalendarTime2LocalTime
                0xf03d4320                m_osChangeTaskPriority
                0xf03d4324                m_create_api_hash
 .bss           0xf03d4328       0x10 libs/gcc/app_start.lib(ql_main.o)
                0xf03d432c                runinfo
 .bss           0xf03d4338        0x1 libs/gcc/app_start.lib(ril_aux.o)
                0xf03d4338                g_ril_auxTaskReady
 *fill*         0xf03d4339        0x3 
 .bss           0xf03d433c      0xc44 libs/gcc/app_start.lib(ril_main.o)
                0xf03d4b4c                g_SubPack_Flag
                0xf03d4b50                g_SubPack_Len
                0xf03d4b54                t_Pack_Len
                0xf03d4b58                g_Pack_Len
 .bss           0xf03d4f80       0x5c libs/gcc/app_start.lib(stdlib_func.o)
 .bss           0xf03d4fdc       0x14 libs/gcc/app_start.lib(system.o)
 .bss           0xf03d4ff0       0x44 libs/gcc/app_start.lib(taskMngt.o)
 .bss           0xf03d5034       0x10 libs/gcc/app_start.lib(timer.o)
 .bss           0xf03d5044       0x3c libs/gcc/app_start.lib(uart.o)
 .bss           0xf03d5080       0x18 libs/gcc/app_start.lib(watchdog.o)
                0xf03d5098                . = ALIGN (0x8)
                0xf03d5098                PROVIDE (__bss_end__, .)
 COMMON         0xf03d5098      0x124 build\gcc\obj/ril/src/ril_telephony.o
                0xf03d5098                g_comingCall
 COMMON         0xf03d51bc      0x200 build\gcc\obj/custom/uart/uart.o
                0xf03d51bc                uart_debug_buffer
 COMMON         0xf03d53bc       0x10 libs/gcc/app_start.lib(ql_main.o)
                0xf03d53bc                Ql_snprintf
                0xf03d53c0                Ql_sprintf
                0xf03d53c4                Ql_Debug_Trace
                0xf03d53c8                Ql_sscanf
 COMMON         0xf03d53cc        0x4 libs/gcc/app_start.lib(ril_main.o)
                0xf03d53cc                MQTT_Recvhandler
LOAD build\gcc\obj/custom/config/custom_sys_cfg.o
LOAD build\gcc\obj/custom/config/sys_config.o
LOAD build\gcc\obj/ril/src/ril_alarm.o
LOAD build\gcc\obj/ril/src/ril_atResponse.o
LOAD build\gcc\obj/ril/src/ril_audio.o
LOAD build\gcc\obj/ril/src/ril_bluetooth.o
LOAD build\gcc\obj/ril/src/ril_custom.o
LOAD build\gcc\obj/ril/src/ril_dtmf.o
LOAD build\gcc\obj/ril/src/ril_ftp.o
LOAD build\gcc\obj/ril/src/ril_http.o
LOAD build\gcc\obj/ril/src/ril_init.o
LOAD build\gcc\obj/ril/src/ril_location.o
LOAD build\gcc\obj/ril/src/ril_location2.o
LOAD build\gcc\obj/ril/src/ril_mqtt.o
LOAD build\gcc\obj/ril/src/ril_network.o
LOAD build\gcc\obj/ril/src/ril_ntp.o
LOAD build\gcc\obj/ril/src/ril_sim.o
LOAD build\gcc\obj/ril/src/ril_sms.o
LOAD build\gcc\obj/ril/src/ril_system.o
LOAD build\gcc\obj/ril/src/ril_telephony.o
LOAD build\gcc\obj/ril/src/ril_urc.o
LOAD build\gcc\obj/ril/src/ril_util.o
LOAD build\gcc\obj/custom/main.o
LOAD build\gcc\obj/custom/fota/src/fota_ftp.o
LOAD build\gcc\obj/custom/fota/src/fota_http.o
LOAD build\gcc\obj/custom/fota/src/fota_http_code.o
LOAD build\gcc\obj/custom/fota/src/fota_main.o
LOAD build\gcc\obj/custom/uart/uart.o
LOAD build\gcc\obj/custom/param/file.o
LOAD build\gcc\obj/custom/param/param.o
LOAD build\gcc\obj/custom/param/param_storage.o
LOAD build\gcc\obj/custom/gpio/gpio.o
LOAD build\gcc\obj/custom/com/com.o
LOAD build\gcc\obj/custom/oled/oled.o
LOAD build\gcc\obj/custom/i2c_scanner/i2c_scanner.o
LOAD build\gcc\obj/custom/i2c_bus/i2c_bus.o
LOAD build\gcc\obj/custom/io_expander/io_expander.o
LOAD build\gcc\obj/custom/io_expander/io_expander_param.o
LOAD build\gcc\obj/custom/debug/restart_log.o
LOAD libs/gcc/app_start.lib
LOAD C:\Program Files (x86)\CodeSourcery\Sourcery_CodeBench_Lite_for_ARM_EABI/arm-none-eabi/lib/thumb/libm.a
LOAD C:\Program Files (x86)\CodeSourcery\Sourcery_CodeBench_Lite_for_ARM_EABI/arm-none-eabi/lib/thumb/libc.a
LOAD C:\Program Files (x86)\CodeSourcery\Sourcery_CodeBench_Lite_for_ARM_EABI/arm-none-eabi/lib/thumb/libcs3.a
LOAD C:\Program Files (x86)\CodeSourcery\Sourcery_CodeBench_Lite_for_ARM_EABI/lib/gcc/arm-none-eabi/4.7.2/thumb/libgcc.a
OUTPUT(build\gcc/APPGS3MDM32A01.elf elf32-littlearm)

.comment        0x00000000       0x30
 .comment       0x00000000       0x30 build\gcc\obj/custom/config/custom_sys_cfg.o
                                 0x31 (size before relaxing)
 .comment       0x00000000       0x31 build\gcc\obj/custom/config/sys_config.o
 .comment       0x00000000       0x31 build\gcc\obj/ril/src/ril_atResponse.o
 .comment       0x00000000       0x31 build\gcc\obj/ril/src/ril_audio.o
 .comment       0x00000000       0x31 build\gcc\obj/ril/src/ril_bluetooth.o
 .comment       0x00000000       0x31 build\gcc\obj/ril/src/ril_custom.o
 .comment       0x00000000       0x31 build\gcc\obj/ril/src/ril_dtmf.o
 .comment       0x00000000       0x31 build\gcc\obj/ril/src/ril_http.o
 .comment       0x00000000       0x31 build\gcc\obj/ril/src/ril_init.o
 .comment       0x00000000       0x31 build\gcc\obj/ril/src/ril_location.o
 .comment       0x00000000       0x31 build\gcc\obj/ril/src/ril_ntp.o
 .comment       0x00000000       0x31 build\gcc\obj/ril/src/ril_sim.o
 .comment       0x00000000       0x31 build\gcc\obj/ril/src/ril_system.o
 .comment       0x00000000       0x31 build\gcc\obj/ril/src/ril_telephony.o
 .comment       0x00000000       0x31 build\gcc\obj/ril/src/ril_urc.o
 .comment       0x00000000       0x31 build\gcc\obj/ril/src/ril_util.o
 .comment       0x00000000       0x31 build\gcc\obj/custom/main.o
 .comment       0x00000000       0x31 build\gcc\obj/custom/uart/uart.o
 .comment       0x00000000       0x31 build\gcc\obj/custom/param/file.o
 .comment       0x00000000       0x31 build\gcc\obj/custom/param/param.o
 .comment       0x00000000       0x31 build\gcc\obj/custom/param/param_storage.o
 .comment       0x00000000       0x31 build\gcc\obj/custom/gpio/gpio.o
 .comment       0x00000000       0x31 build\gcc\obj/custom/com/com.o
 .comment       0x00000000       0x31 build\gcc\obj/custom/oled/oled.o
 .comment       0x00000000       0x31 build\gcc\obj/custom/i2c_bus/i2c_bus.o
 .comment       0x00000000       0x31 build\gcc\obj/custom/io_expander/io_expander.o
 .comment       0x00000000       0x31 build\gcc\obj/custom/io_expander/io_expander_param.o
 .comment       0x00000000       0x31 libs/gcc/app_start.lib(eint.o)
 .comment       0x00000000       0x31 libs/gcc/app_start.lib(fileSys.o)
 .comment       0x00000000       0x31 libs/gcc/app_start.lib(gpio.o)
 .comment       0x00000000       0x31 libs/gcc/app_start.lib(iic.o)
 .comment       0x00000000       0x31 libs/gcc/app_start.lib(memory.o)
 .comment       0x00000000       0x31 libs/gcc/app_start.lib(ql_func.o)
 .comment       0x00000000       0x31 libs/gcc/app_start.lib(ql_main.o)
 .comment       0x00000000       0x31 libs/gcc/app_start.lib(ril_aux.o)
 .comment       0x00000000       0x31 libs/gcc/app_start.lib(ril_main.o)
 .comment       0x00000000       0x31 libs/gcc/app_start.lib(stdlib_func.o)
 .comment       0x00000000       0x31 libs/gcc/app_start.lib(system.o)
 .comment       0x00000000       0x31 libs/gcc/app_start.lib(taskMngt.o)
 .comment       0x00000000       0x31 libs/gcc/app_start.lib(timer.o)
 .comment       0x00000000       0x31 libs/gcc/app_start.lib(uart.o)
 .comment       0x00000000       0x31 libs/gcc/app_start.lib(watchdog.o)

.ARM.attributes
                0x00000000       0x2b
 .ARM.attributes
                0x00000000       0x2b build\gcc\obj/custom/config/custom_sys_cfg.o
 .ARM.attributes
                0x0000002b       0x2b build\gcc\obj/custom/config/sys_config.o
 .ARM.attributes
                0x00000056       0x2b build\gcc\obj/ril/src/ril_atResponse.o
 .ARM.attributes
                0x00000081       0x2b build\gcc\obj/ril/src/ril_audio.o
 .ARM.attributes
                0x000000ac       0x2b build\gcc\obj/ril/src/ril_bluetooth.o
 .ARM.attributes
                0x000000d7       0x2b build\gcc\obj/ril/src/ril_custom.o
 .ARM.attributes
                0x00000102       0x2b build\gcc\obj/ril/src/ril_dtmf.o
 .ARM.attributes
                0x0000012d       0x2b build\gcc\obj/ril/src/ril_http.o
 .ARM.attributes
                0x00000158       0x2b build\gcc\obj/ril/src/ril_init.o
 .ARM.attributes
                0x00000183       0x2b build\gcc\obj/ril/src/ril_location.o
 .ARM.attributes
                0x000001ae       0x2b build\gcc\obj/ril/src/ril_ntp.o
 .ARM.attributes
                0x000001d9       0x2b build\gcc\obj/ril/src/ril_sim.o
 .ARM.attributes
                0x00000204       0x2b build\gcc\obj/ril/src/ril_system.o
 .ARM.attributes
                0x0000022f       0x2b build\gcc\obj/ril/src/ril_telephony.o
 .ARM.attributes
                0x0000025a       0x2b build\gcc\obj/ril/src/ril_urc.o
 .ARM.attributes
                0x00000285       0x2b build\gcc\obj/ril/src/ril_util.o
 .ARM.attributes
                0x000002b0       0x2b build\gcc\obj/custom/main.o
 .ARM.attributes
                0x000002db       0x2b build\gcc\obj/custom/uart/uart.o
 .ARM.attributes
                0x00000306       0x2b build\gcc\obj/custom/param/file.o
 .ARM.attributes
                0x00000331       0x2b build\gcc\obj/custom/param/param.o
 .ARM.attributes
                0x0000035c       0x2b build\gcc\obj/custom/param/param_storage.o
 .ARM.attributes
                0x00000387       0x2b build\gcc\obj/custom/gpio/gpio.o
 .ARM.attributes
                0x000003b2       0x2b build\gcc\obj/custom/com/com.o
 .ARM.attributes
                0x000003dd       0x2b build\gcc\obj/custom/oled/oled.o
 .ARM.attributes
                0x00000408       0x2b build\gcc\obj/custom/i2c_bus/i2c_bus.o
 .ARM.attributes
                0x00000433       0x2b build\gcc\obj/custom/io_expander/io_expander.o
 .ARM.attributes
                0x0000045e       0x2b build\gcc\obj/custom/io_expander/io_expander_param.o
 .ARM.attributes
                0x00000489       0x2b libs/gcc/app_start.lib(eint.o)
 .ARM.attributes
                0x000004b4       0x2b libs/gcc/app_start.lib(fileSys.o)
 .ARM.attributes
                0x000004df       0x2b libs/gcc/app_start.lib(gpio.o)
 .ARM.attributes
                0x0000050a       0x2b libs/gcc/app_start.lib(iic.o)
 .ARM.attributes
                0x00000535       0x2b libs/gcc/app_start.lib(memory.o)
 .ARM.attributes
                0x00000560       0x2b libs/gcc/app_start.lib(ql_func.o)
 .ARM.attributes
                0x0000058b       0x2b libs/gcc/app_start.lib(ql_main.o)
 .ARM.attributes
                0x000005b6       0x2b libs/gcc/app_start.lib(ril_aux.o)
 .ARM.attributes
                0x000005e1       0x2b libs/gcc/app_start.lib(ril_main.o)
 .ARM.attributes
                0x0000060c       0x2b libs/gcc/app_start.lib(stdlib_func.o)
 .ARM.attributes
                0x00000637       0x2b libs/gcc/app_start.lib(system.o)
 .ARM.attributes
                0x00000662       0x2b libs/gcc/app_start.lib(taskMngt.o)
 .ARM.attributes
                0x0000068d       0x2b libs/gcc/app_start.lib(timer.o)
 .ARM.attributes
                0x000006b8       0x2b libs/gcc/app_start.lib(uart.o)
 .ARM.attributes
                0x000006e3       0x2b libs/gcc/app_start.lib(watchdog.o)
 .ARM.attributes
                0x0000070e       0x1d libs/gcc/app_start.lib(ocpu_init.o)
 .ARM.attributes
                0x0000072b       0x30 C:\Program Files (x86)\CodeSourcery\Sourcery_CodeBench_Lite_for_ARM_EABI/arm-none-eabi/lib/thumb/libc.a(lib_a-memcpy.o)
 .ARM.attributes
                0x0000075b       0x30 C:\Program Files (x86)\CodeSourcery\Sourcery_CodeBench_Lite_for_ARM_EABI/arm-none-eabi/lib/thumb/libc.a(lib_a-memset.o)
 .ARM.attributes
                0x0000078b       0x18 C:\Program Files (x86)\CodeSourcery\Sourcery_CodeBench_Lite_for_ARM_EABI/lib/gcc/arm-none-eabi/4.7.2/thumb/libgcc.a(_udivsi3.o)
 .ARM.attributes
                0x000007a3       0x16 C:\Program Files (x86)\CodeSourcery\Sourcery_CodeBench_Lite_for_ARM_EABI/lib/gcc/arm-none-eabi/4.7.2/thumb/libgcc.a(_dvmd_tls.o)
 .ARM.attributes
                0x000007b9       0x18 C:\Program Files (x86)\CodeSourcery\Sourcery_CodeBench_Lite_for_ARM_EABI/lib/gcc/arm-none-eabi/4.7.2/thumb/libgcc.a(_arm_addsubdf3.o)
 .ARM.attributes
                0x000007d1       0x18 C:\Program Files (x86)\CodeSourcery\Sourcery_CodeBench_Lite_for_ARM_EABI/lib/gcc/arm-none-eabi/4.7.2/thumb/libgcc.a(_arm_fixdfsi.o)
 .ARM.attributes
                0x000007e9       0x18 C:\Program Files (x86)\CodeSourcery\Sourcery_CodeBench_Lite_for_ARM_EABI/lib/gcc/arm-none-eabi/4.7.2/thumb/libgcc.a(_arm_truncdfsf2.o)
 .ARM.attributes
                0x00000801       0x18 C:\Program Files (x86)\CodeSourcery\Sourcery_CodeBench_Lite_for_ARM_EABI/lib/gcc/arm-none-eabi/4.7.2/thumb/libgcc.a(_arm_addsubsf3.o)
 .ARM.attributes
                0x00000819       0x18 C:\Program Files (x86)\CodeSourcery\Sourcery_CodeBench_Lite_for_ARM_EABI/lib/gcc/arm-none-eabi/4.7.2/thumb/libgcc.a(_arm_muldivsf3.o)

.debug_frame    0x00000000       0x84
 .debug_frame   0x00000000       0x38 C:\Program Files (x86)\CodeSourcery\Sourcery_CodeBench_Lite_for_ARM_EABI/arm-none-eabi/lib/thumb/libc.a(lib_a-memcpy.o)
 .debug_frame   0x00000038       0x2c C:\Program Files (x86)\CodeSourcery\Sourcery_CodeBench_Lite_for_ARM_EABI/arm-none-eabi/lib/thumb/libc.a(lib_a-memset.o)
 .debug_frame   0x00000064       0x20 C:\Program Files (x86)\CodeSourcery\Sourcery_CodeBench_Lite_for_ARM_EABI/lib/gcc/arm-none-eabi/4.7.2/thumb/libgcc.a(_udivsi3.o)
