ril/src/ril_atResponse.c: In function 'Ql_RIL_AT_SetErrCode':
ril/src/ril_atResponse.c:50:1: warning: control reaches end of non-void function [-Wreturn-type]
ril/src/ril_audio.c: In function 'ATResponse_AUD_handler':
ril/src/ril_audio.c:399:5: warning: suggest parentheses around assignment used as truth value [-Wparentheses]
ril/src/ril_bluetooth.c: In function 'OnURCHandler_BTDisconn':
ril/src/ril_bluetooth.c:1531:10: warning: unused variable 'profileId' [-Wunused-variable]
ril/src/ril_location.c: In function 'ATResponse_GetLocation_Ex_Handler':
ril/src/ril_location.c:78:11: warning: unused variable 'p2' [-Wunused-variable]
ril/src/ril_location.c:77:11: warning: unused variable 'p1' [-Wunused-variable]
ril/src/ril_location.c: In function 'OnURCHandler_QCELLLocation':
ril/src/ril_location.c:176:11: warning: assignment discards 'const' qualifier from pointer target type [enabled by default]
ril/src/ril_location.c:177:9: warning: pointer targets in passing argument 1 of 'Ql_strstr' differ in signedness [-Wpointer-sign]
In file included from ril/src/ril_location.c:38:0:
include/ql_stdlib.h:54:7: note: expected 'const char *' but argument is of type 'u8 *'
ril/src/ril_mqtt.c: In function 'RIL_MQTT_QMTSUB':
ril/src/ril_mqtt.c:179:5: warning: pointer targets in passing argument 1 of 'Ql_sprintf' differ in signedness [-Wpointer-sign]
ril/src/ril_mqtt.c:179:5: note: expected 'char *' but argument is of type 'u8 *'
ril/src/ril_mqtt.c:183:11: warning: pointer targets in passing argument 1 of 'Ql_sprintf' differ in signedness [-Wpointer-sign]
ril/src/ril_mqtt.c:183:11: note: expected 'char *' but argument is of type 'u8 *'
ril/src/ril_mqtt.c:185:3: warning: pointer targets in passing argument 1 of 'Ql_strlen' differ in signedness [-Wpointer-sign]
In file included from ril/src/ril_mqtt.c:35:0:
include/ql_stdlib.h:53:7: note: expected 'const char *' but argument is of type 'u8 *'
ril/src/ril_mqtt.c:185:3: warning: pointer targets in passing argument 1 of 'Ql_strncat' differ in signedness [-Wpointer-sign]
In file included from ril/src/ril_mqtt.c:35:0:
include/ql_stdlib.h:49:7: note: expected 'char *' but argument is of type 'u8 *'
ril/src/ril_mqtt.c:185:3: warning: pointer targets in passing argument 2 of 'Ql_strncat' differ in signedness [-Wpointer-sign]
In file included from ril/src/ril_mqtt.c:35:0:
include/ql_stdlib.h:49:7: note: expected 'const char *' but argument is of type 'u8 *'
ril/src/ril_mqtt.c:189:5: warning: pointer targets in passing argument 1 of 'Ql_sprintf' differ in signedness [-Wpointer-sign]
ril/src/ril_mqtt.c:189:5: note: expected 'char *' but argument is of type 'u8 *'
ril/src/ril_mqtt.c:190:5: warning: pointer targets in passing argument 1 of 'Ql_strlen' differ in signedness [-Wpointer-sign]
In file included from ril/src/ril_mqtt.c:35:0:
include/ql_stdlib.h:53:7: note: expected 'const char *' but argument is of type 'u8 *'
ril/src/ril_mqtt.c:190:5: warning: pointer targets in passing argument 1 of 'Ql_RIL_SendATCmd' differ in signedness [-Wpointer-sign]
In file included from ril/inc/ril_mqtt.h:37:0,
                 from ril/src/ril_mqtt.c:33:
ril/inc/ril.h:187:12: note: expected 'char *' but argument is of type 'u8 *'
ril/src/ril_mqtt.c: In function 'RIL_MQTT_QMTUNS':
ril/src/ril_mqtt.c:239:5: warning: pointer targets in passing argument 1 of 'Ql_sprintf' differ in signedness [-Wpointer-sign]
ril/src/ril_mqtt.c:239:5: note: expected 'char *' but argument is of type 'u8 *'
ril/src/ril_mqtt.c:243:11: warning: pointer targets in passing argument 1 of 'Ql_sprintf' differ in signedness [-Wpointer-sign]
ril/src/ril_mqtt.c:243:11: note: expected 'char *' but argument is of type 'u8 *'
ril/src/ril_mqtt.c:245:3: warning: pointer targets in passing argument 1 of 'Ql_strlen' differ in signedness [-Wpointer-sign]
In file included from ril/src/ril_mqtt.c:35:0:
include/ql_stdlib.h:53:7: note: expected 'const char *' but argument is of type 'u8 *'
ril/src/ril_mqtt.c:245:3: warning: pointer targets in passing argument 1 of 'Ql_strncat' differ in signedness [-Wpointer-sign]
In file included from ril/src/ril_mqtt.c:35:0:
include/ql_stdlib.h:49:7: note: expected 'char *' but argument is of type 'u8 *'
ril/src/ril_mqtt.c:245:3: warning: pointer targets in passing argument 2 of 'Ql_strncat' differ in signedness [-Wpointer-sign]
In file included from ril/src/ril_mqtt.c:35:0:
include/ql_stdlib.h:49:7: note: expected 'const char *' but argument is of type 'u8 *'
ril/src/ril_mqtt.c:249:5: warning: pointer targets in passing argument 1 of 'Ql_sprintf' differ in signedness [-Wpointer-sign]
ril/src/ril_mqtt.c:249:5: note: expected 'char *' but argument is of type 'u8 *'
ril/src/ril_mqtt.c:251:5: warning: pointer targets in passing argument 1 of 'Ql_strlen' differ in signedness [-Wpointer-sign]
In file included from ril/src/ril_mqtt.c:35:0:
include/ql_stdlib.h:53:7: note: expected 'const char *' but argument is of type 'u8 *'
ril/src/ril_mqtt.c:251:5: warning: pointer targets in passing argument 1 of 'Ql_RIL_SendATCmd' differ in signedness [-Wpointer-sign]
In file included from ril/inc/ril_mqtt.h:37:0,
                 from ril/src/ril_mqtt.c:33:
ril/inc/ril.h:187:12: note: expected 'char *' but argument is of type 'u8 *'
ril/src/ril_mqtt.c: In function 'ATResponse_QMTPUB_handler':
ril/src/ril_mqtt.c:302:8: warning: pointer targets in assignment differ in signedness [-Wpointer-sign]
ril/src/ril_mqtt.c:309:11: warning: pointer targets in assignment differ in signedness [-Wpointer-sign]
ril/src/ril_mqtt.c:314:11: warning: pointer targets in assignment differ in signedness [-Wpointer-sign]
ril/src/ril_mqtt.c:319:11: warning: pointer targets in assignment differ in signedness [-Wpointer-sign]
ril/src/ril_mqtt.c:299:9: warning: unused variable 'i' [-Wunused-variable]
ril/src/ril_network.c: In function 'ATRsp_COPS_Handler':
ril/src/ril_network.c:501:14: warning: unused variable 'str' [-Wunused-variable]
ril/src/ril_ntp.c: In function 'OnURCHandler_NTPCMD':
ril/src/ril_ntp.c:50:4: warning: passing argument 1 of 'callback_NTPCMD' discards 'const' qualifier from pointer target type [enabled by default]
ril/src/ril_ntp.c:50:4: note: expected 'char *' but argument is of type 'const char *'
ril/src/ril_system.c: In function 'QSDK_Get_Strlen':
ril/src/ril_system.c:458:1: warning: control reaches end of non-void function [-Wreturn-type]
ril/src/ril_urc.c: In function 'OnURCHandler_MQTT_OPEN':
ril/src/ril_urc.c:654:3: warning: passing argument 4 of 'Ql_OS_SendMessage' makes integer from pointer without a cast [enabled by default]
In file included from ril/src/ril_urc.c:40:0:
include/ql_system.h:535:5: note: expected 'u32' but argument is of type 'struct MQTT_Urc_Param_t *'
ril/src/ril_urc.c: In function 'OnURCHandler_MQTT_CONN':
ril/src/ril_urc.c:690:3: warning: passing argument 4 of 'Ql_OS_SendMessage' makes integer from pointer without a cast [enabled by default]
In file included from ril/src/ril_urc.c:40:0:
include/ql_system.h:535:5: note: expected 'u32' but argument is of type 'struct MQTT_Urc_Param_t *'
ril/src/ril_urc.c: In function 'OnURCHandler_MQTT_SUB':
ril/src/ril_urc.c:725:10: warning: array subscript has type 'char' [-Wchar-subscripts]
ril/src/ril_urc.c:729:9: warning: array subscript has type 'char' [-Wchar-subscripts]
ril/src/ril_urc.c:734:3: warning: passing argument 4 of 'Ql_OS_SendMessage' makes integer from pointer without a cast [enabled by default]
In file included from ril/src/ril_urc.c:40:0:
include/ql_system.h:535:5: note: expected 'u32' but argument is of type 'struct MQTT_Urc_Param_t *'
ril/src/ril_urc.c: In function 'OnURCHandler_MQTT_PUB':
ril/src/ril_urc.c:775:3: warning: passing argument 4 of 'Ql_OS_SendMessage' makes integer from pointer without a cast [enabled by default]
In file included from ril/src/ril_urc.c:40:0:
include/ql_system.h:535:5: note: expected 'u32' but argument is of type 'struct MQTT_Urc_Param_t *'
ril/src/ril_urc.c: In function 'OnURCHandler_MQTT_TUNS':
ril/src/ril_urc.c:804:3: warning: passing argument 4 of 'Ql_OS_SendMessage' makes integer from pointer without a cast [enabled by default]
In file included from ril/src/ril_urc.c:40:0:
include/ql_system.h:535:5: note: expected 'u32' but argument is of type 'struct MQTT_Urc_Param_t *'
ril/src/ril_urc.c: In function 'OnURCHandler_MQTT_STATE':
ril/src/ril_urc.c:830:3: warning: passing argument 4 of 'Ql_OS_SendMessage' makes integer from pointer without a cast [enabled by default]
In file included from ril/src/ril_urc.c:40:0:
include/ql_system.h:535:5: note: expected 'u32' but argument is of type 'struct MQTT_Urc_Param_t *'
ril/src/ril_urc.c: In function 'OnURCHandler_MQTT_CLOSE':
ril/src/ril_urc.c:858:3: warning: passing argument 4 of 'Ql_OS_SendMessage' makes integer from pointer without a cast [enabled by default]
In file included from ril/src/ril_urc.c:40:0:
include/ql_system.h:535:5: note: expected 'u32' but argument is of type 'struct MQTT_Urc_Param_t *'
ril/src/ril_urc.c: In function 'OnURCHandler_MQTT_DISC':
ril/src/ril_urc.c:888:3: warning: passing argument 4 of 'Ql_OS_SendMessage' makes integer from pointer without a cast [enabled by default]
In file included from ril/src/ril_urc.c:40:0:
include/ql_system.h:535:5: note: expected 'u32' but argument is of type 'struct MQTT_Urc_Param_t *'
custom/fota/src/fota_ftp.c: In function 'FTP_FotaMain':
custom/fota/src/fota_ftp.c:44:9: warning: variable 'retValue' set but not used [-Wunused-but-set-variable]
custom/fota/src/fota_ftp.c: In function 'FTP_Callback_OnDownload':
custom/fota/src/fota_ftp.c:83:10: warning: variable 'retValue' set but not used [-Wunused-but-set-variable]
custom/fota/src/fota_ftp.c:82:9: warning: variable 'ret' set but not used [-Wunused-but-set-variable]
custom/fota/src/fota_ftp.c: In function 'FTP_Program':
custom/fota/src/fota_ftp.c:124:10: warning: variable 'retValue' set but not used [-Wunused-but-set-variable]
custom/fota/src/fota_ftp.c: In function 'FTP_Callback_OnDownload':
custom/fota/src/fota_ftp.c:315:35: warning: 'retValue' may be used uninitialized in this function [-Wmaybe-uninitialized]
custom/fota/src/fota_ftp.c:198:10: note: 'retValue' was declared here
custom/fota/src/fota_main.c: In function 'Ql_FOTA_StartUpgrade':
custom/fota/src/fota_main.c:33:10: warning: variable 'retValue' set but not used [-Wunused-but-set-variable]
custom/param/param_storage.c: In function 'param_storage_save':
custom/param/param_storage.c:64:9: warning: unused variable 'i' [-Wunused-variable]
custom/param/param_storage.c: In function 'param_storage_load':
custom/param/param_storage.c:133:9: warning: unused variable 'i' [-Wunused-variable]
